[20:16:59] [ServerMain/INFO]: Environment: authHost='https://authserver.mojang.com', accountsHost='https://api.mojang.com', sessionHost='https://sessionserver.mojang.com', servicesHost='https://api.minecraftservices.com', name='PROD'
[20:17:00] [ServerMain/INFO]: Loaded 7 recipes
[20:17:01] [ServerMain/INFO]: Loaded 1271 advancements
[20:17:01] [Server thread/INFO]: Starting minecraft server version 1.20.1
[20:17:01] [Server thread/INFO]: Loading properties
[20:17:01] [Server thread/INFO]: Default game type: SURVIVAL
[20:17:01] [Server thread/INFO]: Generating keypair
[20:17:01] [Server thread/INFO]: Starting Minecraft server on *:25565
[20:17:01] [Server thread/INFO]: Using epoll channel type
[20:17:01] [Server thread/WARN]: **** SERVER IS RUNNING IN OFFLINE/INSECURE MODE!
[20:17:01] [Server thread/WARN]: The server will make no attempt to authenticate usernames. Beware.
[20:17:01] [Server thread/WARN]: While this makes the game possible to play without internet access, it also opens up the ability for hackers to connect with any username they choose.
[20:17:01] [Server thread/WARN]: To change this, set "online-mode" to "true" in the server.properties file.
[20:17:01] [Server thread/INFO]: Preparing level "world"
[20:17:07] [Server thread/INFO]: Preparing start region for dimension minecraft:overworld
[20:17:08] [Worker-Main-3/INFO]: Preparing spawn area: 0%
[20:17:08] [Worker-Main-2/INFO]: Preparing spawn area: 0%
[20:17:08] [Worker-Main-2/INFO]: Preparing spawn area: 0%
[20:17:09] [Worker-Main-3/INFO]: Preparing spawn area: 0%
[20:17:09] [Worker-Main-3/INFO]: Preparing spawn area: 0%
[20:17:10] [Worker-Main-3/INFO]: Preparing spawn area: 0%
[20:17:10] [Worker-Main-3/INFO]: Preparing spawn area: 0%
[20:17:11] [Worker-Main-3/INFO]: Preparing spawn area: 1%
[20:17:11] [Worker-Main-1/INFO]: Preparing spawn area: 2%
[20:17:12] [Worker-Main-1/INFO]: Preparing spawn area: 3%
[20:17:12] [Worker-Main-2/INFO]: Preparing spawn area: 4%
[20:17:13] [Worker-Main-3/INFO]: Preparing spawn area: 6%
[20:17:13] [Worker-Main-2/INFO]: Preparing spawn area: 7%
[20:17:14] [Worker-Main-3/INFO]: Preparing spawn area: 9%
[20:17:14] [Worker-Main-2/INFO]: Preparing spawn area: 10%
[20:17:15] [Worker-Main-1/INFO]: Preparing spawn area: 13%
[20:17:15] [Worker-Main-2/INFO]: Preparing spawn area: 14%
[20:17:16] [Worker-Main-1/INFO]: Preparing spawn area: 16%
[20:17:16] [Worker-Main-3/INFO]: Preparing spawn area: 17%
[20:17:17] [Worker-Main-2/INFO]: Preparing spawn area: 20%
[20:17:17] [Worker-Main-2/INFO]: Preparing spawn area: 20%
[20:17:18] [Worker-Main-3/INFO]: Preparing spawn area: 22%
[20:17:18] [Worker-Main-2/INFO]: Preparing spawn area: 24%
[20:17:19] [Worker-Main-2/INFO]: Preparing spawn area: 27%
[20:17:19] [Worker-Main-3/INFO]: Preparing spawn area: 29%
[20:17:20] [Worker-Main-3/INFO]: Preparing spawn area: 31%
[20:17:20] [Worker-Main-1/INFO]: Preparing spawn area: 32%
[20:17:21] [Worker-Main-3/INFO]: Preparing spawn area: 34%
[20:17:21] [Worker-Main-3/INFO]: Preparing spawn area: 36%
[20:17:22] [Worker-Main-3/INFO]: Preparing spawn area: 39%
[20:17:22] [Worker-Main-1/INFO]: Preparing spawn area: 41%
[20:17:23] [Worker-Main-2/INFO]: Preparing spawn area: 42%
[20:17:23] [Worker-Main-2/INFO]: Preparing spawn area: 44%
[20:17:24] [Worker-Main-3/INFO]: Preparing spawn area: 47%
[20:17:24] [Worker-Main-1/INFO]: Preparing spawn area: 49%
[20:17:25] [Worker-Main-2/INFO]: Preparing spawn area: 51%
[20:17:25] [Worker-Main-3/INFO]: Preparing spawn area: 54%
[20:17:26] [Worker-Main-3/INFO]: Preparing spawn area: 55%
[20:17:26] [Worker-Main-1/INFO]: Preparing spawn area: 58%
[20:17:27] [Worker-Main-2/INFO]: Preparing spawn area: 60%
[20:17:27] [Worker-Main-1/INFO]: Preparing spawn area: 64%
[20:17:28] [Worker-Main-2/INFO]: Preparing spawn area: 66%
[20:17:28] [Worker-Main-1/INFO]: Preparing spawn area: 68%
[20:17:29] [Worker-Main-1/INFO]: Preparing spawn area: 70%
[20:17:29] [Worker-Main-2/INFO]: Preparing spawn area: 73%
[20:17:30] [Worker-Main-1/INFO]: Preparing spawn area: 75%
[20:17:30] [Worker-Main-1/INFO]: Preparing spawn area: 78%
[20:17:31] [Worker-Main-3/INFO]: Preparing spawn area: 82%
[20:17:31] [Worker-Main-1/INFO]: Preparing spawn area: 84%
[20:17:32] [Worker-Main-3/INFO]: Preparing spawn area: 86%
[20:17:32] [Worker-Main-3/INFO]: Preparing spawn area: 89%
[20:17:33] [Worker-Main-3/INFO]: Preparing spawn area: 92%
[20:17:33] [Worker-Main-2/INFO]: Preparing spawn area: 96%
[20:17:34] [Worker-Main-2/INFO]: Preparing spawn area: 98%
[20:17:34] [Server thread/INFO]: Time elapsed: 26657 ms
[20:17:34] [Server thread/INFO]: Done (32.689s)! For help, type "help"
[20:26:58] [Server thread/INFO]: DostinPower[/100.111.160.19:64433] logged in with entity id 236 at (-3.5, 71.0, 2.5)
[20:26:58] [Server thread/INFO]: DostinPower joined the game
[20:30:29] [Server thread/INFO]: [Not Secure] [Server] hola
[20:32:05] [Server thread/INFO]: Made DostinPower a server operator
[20:32:19] [Server thread/INFO]: [DostinPower: Set own game mode to Creative Mode]
